// Jest Snapshot v1, https://goo.gl/fbAQLP

exports[`<RemoveFromCart renders the component and matches the snap shot 1`] = `
<button
  className="RemoveFromCart__BigButton-emvtd6-0 eCcYeN"
  disabled={false}
  onClick={[Function]}
  title="Delete Item"
>
  Ã—
</button>
`;
